
> nextn@0.1.0 build
> next build

npm :  ΓÜá Warning: Next.js inferred your workspace root, but it may not be 
correct.
At line:1 char:1
+ npm run build > build_output.txt 2>&1
+ ~~~~~~~~~~~~~~~~~~~~~~~~~~~~~~~~~~~~~
    + CategoryInfo          : NotSpecified: ( ΓÜá Warning: N...not be corre 
   ct.:String) [], RemoteException
    + FullyQualifiedErrorId : NativeCommandError
 
 We detected multiple lockfiles and selected the directory of 
C:\Users\kingf\package-lock.json as the root directory.
 To silence this warning, set `outputFileTracingRoot` in your Next.js 
config, or consider removing one of the lockfiles if it's not needed.
   See https://nextjs.org/docs/app/api-reference/config/next-config-js/outpu
t#caveats for more information.
 Detected additional lockfiles: 
   * C:\Users\kingf\OneDrive\Desktop\fslno sport website\package-lock.json

   Γû▓ Next.js 15.5.9
   - Environments: .env

