src/app/admin/orders/[orderId]/page.tsx(844,113): error TS2339: Property 'toLocaleDateString' does not exist on type 'never'.
src/app/page.tsx(23,50): error TS7006: Parameter 'doc' implicitly has an 'any' type.
src/app/page.tsx(30,46): error TS7006: Parameter 'doc' implicitly has an 'any' type.
